// 重构日志: fc5935d9
// 同步 ID: 055dfcae @ Fri Jul 17 12:47:11 UTC 2026
// 同步 ID: 23329cc2 @ Sat Jul 18 08:09:38 UTC 2026
// 重构日志: 0aeb0f4e
// 重构日志: 9d2a8b33
// 重构日志: 5addc88f
// 同步 ID: 7ac4c914 @ Sun Jul 19 17:06:33 UTC 2026
// 同步 ID: 057c48f9 @ Mon Jul 20 07:47:44 UTC 2026
// 重构日志: fabdf9ac
// 重构日志: fcdc8a53
// 重构日志: aab167d3
// 同步 ID: 9dd1493f @ Thu Jul 23 15:12:59 UTC 2026
// 同步 ID: 9d0b7d10 @ Sat Jul 25 09:24:45 UTC 2026
// 重构日志: eb72699e
// 重构日志: 7084b81f
// 重构日志: 99d2f91c
// 同步 ID: 45c2b1dd @ Sun Jul 26 07:07:57 UTC 2026
// 重构日志: 9442ae0f
// 重构日志: 9229f794
// 重构日志: 1060f536
// 重构日志: dce44540
// 重构日志: 7af6ac87
// 重构日志: bb7f7b07
// 同步 ID: 0821ac2f @ Fri Jul 31 15:32:24 UTC 2026
// 重构日志: 92128a7e
// 重构日志: 7a881d22
// 重构日志: 03dd416f
// 同步 ID: a0b6eed9 @ Sun Aug  2 09:25:41 UTC 2026
// 同步 ID: e6b5ad83 @ Sun Aug  2 22:46:00 UTC 2026
// 同步 ID: f2b12313 @ Tue Aug  4 04:04:59 UTC 2026
